// Jest Snapshot v1, https://goo.gl/fbAQLP

exports[`Renders profile correctly 1`] = `
<Fragment>
  <Balance />
  <br />
  <History />
  <br />
  <Profile />
</Fragment>
`;
